/home/littlemiss/Downloads/diagnose-build.sh: line 52: ./gradlew: No such file or directory
